../Core/Src/delay_parting.c:3:6:delay_parting_init	8	static
../Core/Src/delay_parting.c:29:6:delay_parting_setSize	0	static
../Core/Src/delay_parting.c:33:6:delay_parting_setStart	0	static
../Core/Src/delay_parting.c:38:6:delay_parting_setTime	0	static
../Core/Src/delay_parting.c:47:6:delay_parting_setQueuedTime	0	static
../Core/Src/delay_parting.c:60:6:delay_parting_snapTime	0	static
../Core/Src/delay_parting.c:65:6:delay_parting_setDirection	0	static
../Core/Src/delay_parting.c:71:6:delay_parting_setSmoothing	0	static
../Core/Src/delay_parting.c:75:6:delay_parting_setMultiplier	0	static
../Core/Src/delay_parting.c:79:6:delay_parting_setClockSpeed	0	static
../Core/Src/delay_parting.c:83:6:delay_parting_reverseOnce	0	static
../Core/Src/delay_parting.c:113:6:delay_parting_in	0	static
../Core/Src/delay_parting.c:118:6:delay_parting_in_lofi	0	static
../Core/Src/delay_parting.c:148:6:delay_parting_tick_forward_smooth	0	static
../Core/Src/delay_parting.c:171:6:delay_parting_tick_forward	0	static
../Core/Src/delay_parting.c:244:6:delay_parting_tick_reverse	0	static
../Core/Src/delay_parting.c:297:7:delay_parting_out_modulated_forward	0	static
../Core/Src/delay_parting.c:90:7:delay_parting_inOutModulatedForward	16	static
../Core/Src/delay_parting.c:97:7:delay_parting_inOutModulatedForwardSmooth	16	static
../Core/Src/delay_parting.c:316:7:delay_parting_out_modulated_reverse	0	static
../Core/Src/delay_parting.c:104:7:delay_parting_inOutModulatedReverse	16	static
