../Core/Src/delay_modular.c:3:6:delay_modular_init	8	static
../Core/Src/delay_modular.c:27:6:delay_modular_setSize	0	static
../Core/Src/delay_modular.c:31:6:delay_modular_setStart	0	static
../Core/Src/delay_modular.c:36:6:delay_modular_setTime	0	static
../Core/Src/delay_modular.c:45:6:delay_modular_snapTime	0	static
../Core/Src/delay_modular.c:50:6:delay_modular_setDirection	0	static
../Core/Src/delay_modular.c:56:6:delay_modular_setSmoothing	0	static
../Core/Src/delay_modular.c:60:6:delay_modular_setMultiplier	0	static
../Core/Src/delay_modular.c:64:6:delay_modular_setClockSpeed	0	static
../Core/Src/delay_modular.c:68:6:delay_modular_reverseOnce	0	static
../Core/Src/delay_modular.c:101:6:delay_modular_in	0	static
../Core/Src/delay_modular.c:106:6:delay_modular_in_lofi	0	static
../Core/Src/delay_modular.c:138:7:delay_modular_out	8	static
../Core/Src/delay_modular.c:174:7:delay_modular_out_modulated	0	static
../Core/Src/delay_modular.c:233:6:delay_modular_tick	0	static
../Core/Src/delay_modular.c:286:6:delay_modular_tick2	0	static
../Core/Src/delay_modular.c:316:6:delay_modular_tick3	0	static
../Core/Src/delay_modular.c:75:7:delay_modular_inOutModulated	16	static
../Core/Src/delay_modular.c:388:6:delay_modular_tick_lofi	0	static
../Core/Src/delay_modular.c:82:7:delay_modular_inOutModulatedLoFi	16	static
../Core/Src/delay_modular.c:463:6:delay_modular_tick_lofi_experimental	0	static
../Core/Src/delay_modular.c:91:7:delay_modular_inOutModulatedLoFiVariable	16	static
../Core/Src/delay_modular.c:547:6:delay_modular_tick_lofi_variable	0	static
