../Core/Src/delay_parting_16bit.c:3:6:delay_parting_16bit_init	8	static
../Core/Src/delay_parting_16bit.c:29:6:delay_parting_16bit_setSize	0	static
../Core/Src/delay_parting_16bit.c:33:6:delay_parting_16bit_setStart	0	static
../Core/Src/delay_parting_16bit.c:38:6:delay_parting_16bit_setTime	0	static
../Core/Src/delay_parting_16bit.c:47:6:delay_parting_16bit_setQueuedTime	0	static
../Core/Src/delay_parting_16bit.c:60:6:delay_parting_16bit_snapTime	0	static
../Core/Src/delay_parting_16bit.c:65:6:delay_parting_16bit_setDirection	0	static
../Core/Src/delay_parting_16bit.c:71:6:delay_parting_16bit_setSmoothing	0	static
../Core/Src/delay_parting_16bit.c:75:6:delay_parting_16bit_setMultiplier	0	static
../Core/Src/delay_parting_16bit.c:79:6:delay_parting_16bit_setClockSpeed	0	static
../Core/Src/delay_parting_16bit.c:83:6:delay_parting_16bit_reverseOnce	0	static
../Core/Src/delay_parting_16bit.c:113:6:delay_parting_16bit_in	0	static
../Core/Src/delay_parting_16bit.c:118:6:delay_parting_16bit_in_lofi	0	static
../Core/Src/delay_parting_16bit.c:148:6:delay_parting_16bit_tick_forward_smooth	0	static
../Core/Src/delay_parting_16bit.c:171:6:delay_parting_16bit_tick_forward	0	static
../Core/Src/delay_parting_16bit.c:244:6:delay_parting_16bit_tick_reverse	0	static
../Core/Src/delay_parting_16bit.c:297:9:delay_parting_16bit_out_modulated_forward	8	static
../Core/Src/delay_parting_16bit.c:90:9:delay_parting_16bit_inOutModulatedForward	16	static
../Core/Src/delay_parting_16bit.c:97:9:delay_parting_16bit_inOutModulatedForwardSmooth	16	static
../Core/Src/delay_parting_16bit.c:316:9:delay_parting_16bit_out_modulated_reverse	0	static
../Core/Src/delay_parting_16bit.c:104:9:delay_parting_16bit_inOutModulatedReverse	16	static
