../Core/Src/main.c:773:6:HAL_ADC_ConvHalfCpltCallback	0	static
../Core/Src/main.c:776:6:HAL_ADC_ConvCpltCallback	16	static
../Core/Src/main.c:800:6:HAL_SAI_RxHalfCpltCallback	0	static
../Core/Src/main.c:824:6:HAL_UART_RxHalfCpltCallback	0	static
../Core/Src/main.c:833:6:HAL_UART_RxCpltCallback	0	static
../Core/Src/main.c:842:6:HAL_UART_TxCpltCallback	0	static
../Core/Src/main.c:846:6:mute	0	static
../Core/Src/main.c:869:6:writeByte	16	static
../Core/Src/main.c:879:6:actuallyWriteByte	16	static
../Core/Src/main.c:890:6:writeGlobalExpression	16	static
../Core/Src/main.c:909:6:writePreset	24	static
../Core/Src/main.c:929:6:readByte	24	static
../Core/Src/main.c:939:6:readPreset	88	static
../Core/Src/main.c:953:6:turnOn	16	static
../Core/Src/main.c:972:6:turnOff	16	static
../Core/Src/main.c:997:6:misoOn	8	static
../Core/Src/main.c:1003:6:misoOff	8	static
../Core/Src/main.c:1009:6:clearRelayLines	8	static
../Core/Src/main.c:1018:6:checkSwitches	8	static
../Core/Src/main.c:1035:6:eepromTicker	0	static
../Core/Src/main.c:1057:7:softClip	0	static
../Core/Src/main.c:1075:7:hardClip	0	static
../Core/Src/main.c:1088:7:hardClipThresh	0	static
../Core/Src/main.c:1108:6:setPWM	0	static
../Core/Src/main.c:1131:6:setVolumeTarget	0	static
../Core/Src/main.c:1153:6:setVolume	0	static
../Core/Src/main.c:1159:6:setMixTarget	0	static
../Core/Src/main.c:1178:6:setMix	0	static
../Core/Src/main.c:1211:6:setTimeTarget	0	static
../Core/Src/main.c:1226:6:setTime	32	static
../Core/Src/main.c:1247:6:setFilterTarget	0	static
../Core/Src/main.c:1261:6:setFilter	24	static
../Core/Src/main.c:1271:6:setChanceTarget	0	static
../Core/Src/main.c:1294:6:setChance	0	static
../Core/Src/main.c:1310:6:setSmearTarget	0	static
../Core/Src/main.c:1333:6:setSmear	24	static
../Core/Src/main.c:1350:6:setGlitchTarget	0	static
../Core/Src/main.c:1373:6:setGlitch	8	static
../Core/Src/main.c:1417:6:setRateTarget	0	static
../Core/Src/main.c:1433:6:setRate	0	static
../Core/Src/main.c:1441:6:setDepthTarget	8	static
../Core/Src/main.c:1463:6:setDepth	0	static
../Core/Src/main.c:1473:6:setSubRateTarget	8	static
../Core/Src/main.c:1509:6:setSubRate	0	static
../Core/Src/main.c:1515:6:setSubTimeTarget	8	static
../Core/Src/main.c:1551:6:setSubTime	0	static
../Core/Src/main.c:1557:6:setDissolveTarget	0	static
../Core/Src/main.c:1576:6:setDissolve	24	static
../Core/Src/main.c:1667:6:setShapeTarget	0	static
../Core/Src/main.c:1681:6:setShape	0	static
../Core/Src/main.c:1699:6:setOffsetTarget	0	static
../Core/Src/main.c:1716:6:setOffset	0	static
../Core/Src/main.c:1725:6:setExp	0	static
../Core/Src/main.c:1762:6:registerTap	20	static
../Core/Src/main.c:1809:6:grabNewRandoms	24	static
../Core/Src/main.c:1954:6:envelopeOnL	0	static
../Core/Src/main.c:1961:6:envelopeOffL	0	static
../Core/Src/main.c:1968:6:envelopeOnR	0	static
../Core/Src/main.c:1975:6:envelopeOffR	0	static
../Core/Src/main.c:1983:6:loadPreset	0	static
../Core/Src/main.c:2045:6:updateControls	8	static
../Core/Src/main.c:2098:6:processMIDIByte	24	static
../Core/Src/main.c:2399:6:processSample	48	static
../Core/Src/main.c:807:6:HAL_SAI_RxCpltCallback	8	static
../Core/Src/main.c:2751:6:HAL_TIM_PeriodElapsedCallback	24	static
../Core/Src/main.c:2809:6:factoryReset	56	static
../Core/Src/main.c:2975:6:init_AK4621EF	24	static
../Core/Src/main.c:3951:6:SystemClock_Config	128	static,ignoring_inline_asm
../Core/Src/main.c:4011:6:PeriphCommonClock_Config	200	static,ignoring_inline_asm
../Core/Src/main.c:3018:5:main	184	static,ignoring_inline_asm
../Core/Src/main.c:4817:6:Error_Handler	0	static,ignoring_inline_asm
