../Core/Src/statevariable.c:23:6:statevariable_init	8	static
../Core/Src/statevariable.c:38:6:statevariable_input	0	static
../Core/Src/statevariable.c:57:7:statevariable_getHP	0	static
../Core/Src/statevariable.c:61:7:statevariable_getBP	0	static
../Core/Src/statevariable.c:65:7:statevariable_getLP	0	static
../Core/Src/statevariable.c:69:7:statevariable_getBR	0	static
../Core/Src/statevariable.c:73:6:statevariable_setFC	8	static
../Core/Src/statevariable.c:78:6:statevariable_setQ	0	static
../Core/Src/statevariable.c:82:6:statevariable_setOverclock	0	static
